#
# There is insufficient memory for the Java Runtime Environment to continue.
# Native memory allocation (mmap) failed to map 266338304 bytes. Error detail: G1 virtual space
# Possible reasons:
#   The system is out of physical RAM or swap space
#   This process is running with CompressedOops enabled, and the Java Heap may be blocking the growth of the native heap
# Possible solutions:
#   Reduce memory load on the system
#   Increase physical memory or swap space
#   Check if swap backing store is full
#   Decrease Java heap size (-Xmx/-Xms)
#   Decrease number of Java threads
#   Decrease Java thread stack sizes (-Xss)
#   Set larger code cache with -XX:ReservedCodeCacheSize=
#   JVM is running with Zero Based Compressed Oops mode in which the Java heap is
#     placed in the first 32GB address space. The Java Heap base address is the
#     maximum limit for the native heap growth. Please use -XX:HeapBaseMinAddress
#     to set the Java Heap base and to place the Java Heap above 32GB virtual address.
# This output file may be truncated or incomplete.
#
#  Out of Memory Error (os_windows.cpp:3828), pid=21924, tid=16072
#
# JRE version:  (21.0.4) (build )
# Java VM: OpenJDK 64-Bit Server VM (21.0.4+-12508038-b607.1, mixed mode, sharing, tiered, compressed oops, compressed class ptrs, g1 gc, windows-amd64)
# No core dump will be written. Minidumps are not enabled by default on client versions of Windows
#

---------------  S U M M A R Y ------------

Command Line: git4idea.http.GitAskPassApp Username for 'https://github.com': 

Host: AMD Ryzen 5 5600H with Radeon Graphics         , 12 cores, 15G,  Windows 11 , 64 bit Build 22621 (10.0.22621.4391)
Time: Wed Feb 12 16:04:32 2025 Eastern Standard Time elapsed time: 0.014165 seconds (0d 0h 0m 0s)

---------------  T H R E A D  ---------------

Current thread (0x000001f245ebf5e0):  JavaThread "Unknown thread" [_thread_in_vm, id=16072, stack(0x0000001057400000,0x0000001057500000) (1024K)]

Stack: [0x0000001057400000,0x0000001057500000]
Native frames: (J=compiled Java code, j=interpreted, Vv=VM code, C=native code)
V  [jvm.dll+0x6ce539]
V  [jvm.dll+0x85bf03]
V  [jvm.dll+0x85e45e]
V  [jvm.dll+0x85eb43]
V  [jvm.dll+0x27dd06]
V  [jvm.dll+0x6cada5]
V  [jvm.dll+0x6bf27a]
V  [jvm.dll+0x3541fb]
V  [jvm.dll+0x35be36]
V  [jvm.dll+0x3adbc6]
V  [jvm.dll+0x3ade98]
V  [jvm.dll+0x32691c]
V  [jvm.dll+0x32760b]
V  [jvm.dll+0x823959]
V  [jvm.dll+0x3bacf8]
V  [jvm.dll+0x80cd58]
V  [jvm.dll+0x44ef2e]
V  [jvm.dll+0x450691]
C  [jli.dll+0x52ab]
C  [ucrtbase.dll+0x29333]
C  [KERNEL32.DLL+0x1259d]
C  [ntdll.dll+0x5af38]


---------------  P R O C E S S  ---------------

Threads class SMR info:
_java_thread_list=0x00007ffff929a808, length=0, elements={
}

Java Threads: ( => current thread )
Total: 0

Other Threads:
  0x000001f245f21f40 WorkerThread "GC Thread#0"                     [id=15208, stack(0x0000001057500000,0x0000001057600000) (1024K)]
  0x000001f245f32ce0 ConcurrentGCThread "G1 Main Marker"            [id=18084, stack(0x0000001057600000,0x0000001057700000) (1024K)]
  0x000001f245f33950 WorkerThread "G1 Conc#0"                       [id=3408, stack(0x0000001057700000,0x0000001057800000) (1024K)]

[error occurred during error reporting (printing all threads), id 0xc0000005, EXCEPTION_ACCESS_VIOLATION (0xc0000005) at pc=0x00007ffff8a99957]
VM state: not at safepoint (not fully initialized)

VM Mutex/Monitor currently owned by a thread:  ([mutex/lock_event])
[0x00007ffff93073f8] Heap_lock - owner thread: 0x000001f245ebf5e0

Heap address: 0x0000000702400000, size: 4060 MB, Compressed Oops mode: Zero based, Oop shift amount: 3

CDS archive(s) mapped at: [0x0000000000000000-0x0000000000000000-0x0000000000000000), size 0, SharedBaseAddress: 0x0000000800000000, ArchiveRelocationMode: 1.
Narrow klass base: 0x0000000000000000, Narrow klass shift: 0, Narrow klass range: 0x0

GC Precious Log:
 CardTable entry size: 512
 Card Set container configuration: InlinePtr #cards 4 size 8 Array Of Cards #cards 16 size 48 Howl #buckets 8 coarsen threshold 3686 Howl Bitmap #cards 512 size 80 coarsen threshold 460 Card regions per heap region 1 cards per card region 4096

Heap:
 garbage-first heap   total 0K, used 0K [0x0000000702400000, 0x0000000800000000)
  region size 2048K, 0 young (0K), 0 survivors (0K)
 Metaspace       used 0K, committed 0K, reserved 0K
  class space    used 0K, committed 0K, reserved 0K

Heap Regions: E=young(eden), S=young(survivor), O=old, HS=humongous(starts), HC=humongous(continues), CS=collection set, F=free, TAMS=top-at-mark-start, PB=parsable bottom

Card table byte_map: [0x000001f258d50000,0x000001f259540000] _byte_map_base: 0x000001f25553e000

Marking Bits: (CMBitMap*) 0x000001f245f22640
 Bits: [0x000001f259540000, 0x000001f25d4b0000)

GC Heap History (0 events):
No events

Dll operation events (1 events):
Event: 0.008 Loaded shared library C:\Program Files\Android\Android Studio\jbr\bin\java.dll

Deoptimization events (0 events):
No events

Classes loaded (0 events):
No events

Classes unloaded (0 events):
No events

Classes redefined (0 events):
No events

Internal exceptions (0 events):
No events

ZGC Phase Switch (0 events):
No events

VM Operations (0 events):
No events

Memory protections (0 events):
No events

Nmethod flushes (0 events):
No events

Events (0 events):
No events


Dynamic libraries:
0x00007ff69dd20000 - 0x00007ff69dd2a000 	C:\Program Files\Android\Android Studio\jbr\bin\java.exe
0x00007ff865df0000 - 0x00007ff866007000 	C:\WINDOWS\SYSTEM32\ntdll.dll
0x00007ff864560000 - 0x00007ff864624000 	C:\WINDOWS\System32\KERNEL32.DLL
0x00007ff863720000 - 0x00007ff863ada000 	C:\WINDOWS\System32\KERNELBASE.dll
0x00007ff863130000 - 0x00007ff863241000 	C:\WINDOWS\System32\ucrtbase.dll
0x00007ff85b890000 - 0x00007ff85b8ab000 	C:\Program Files\Android\Android Studio\jbr\bin\VCRUNTIME140.dll
0x00007ff819930000 - 0x00007ff819948000 	C:\Program Files\Android\Android Studio\jbr\bin\jli.dll
0x00007ff8658f0000 - 0x00007ff865a9e000 	C:\WINDOWS\System32\USER32.dll
0x00007ff863250000 - 0x00007ff863276000 	C:\WINDOWS\System32\win32u.dll
0x00007ff854870000 - 0x00007ff854b02000 	C:\WINDOWS\WinSxS\amd64_microsoft.windows.common-controls_6595b64144ccf1df_6.0.22621.4541_none_2710d1c57384c085\COMCTL32.dll
0x00007ff865cc0000 - 0x00007ff865ce9000 	C:\WINDOWS\System32\GDI32.dll
0x00007ff865590000 - 0x00007ff865637000 	C:\WINDOWS\System32\msvcrt.dll
0x00007ff863280000 - 0x00007ff86339b000 	C:\WINDOWS\System32\gdi32full.dll
0x00007ff863600000 - 0x00007ff86369a000 	C:\WINDOWS\System32\msvcp_win.dll
0x00007ff865bb0000 - 0x00007ff865be1000 	C:\WINDOWS\System32\IMM32.DLL
0x00007ff85de90000 - 0x00007ff85de9c000 	C:\Program Files\Android\Android Studio\jbr\bin\vcruntime140_1.dll
0x00007ff810250000 - 0x00007ff8102dd000 	C:\Program Files\Android\Android Studio\jbr\bin\msvcp140.dll
0x00007ffff8760000 - 0x00007ffff93e3000 	C:\Program Files\Android\Android Studio\jbr\bin\server\jvm.dll
0x00007ff865bf0000 - 0x00007ff865ca2000 	C:\WINDOWS\System32\ADVAPI32.dll
0x00007ff8640e0000 - 0x00007ff864187000 	C:\WINDOWS\System32\sechost.dll
0x00007ff8635d0000 - 0x00007ff8635f8000 	C:\WINDOWS\System32\bcrypt.dll
0x00007ff864440000 - 0x00007ff864554000 	C:\WINDOWS\System32\RPCRT4.dll
0x00007ff865640000 - 0x00007ff8656b1000 	C:\WINDOWS\System32\WS2_32.dll
0x00007ff861f00000 - 0x00007ff861f4d000 	C:\WINDOWS\SYSTEM32\POWRPROF.dll
0x00007ff85aa30000 - 0x00007ff85aa64000 	C:\WINDOWS\SYSTEM32\WINMM.dll
0x00007ff85a190000 - 0x00007ff85a19a000 	C:\WINDOWS\SYSTEM32\VERSION.dll
0x00007ff861ee0000 - 0x00007ff861ef3000 	C:\WINDOWS\SYSTEM32\UMPDC.dll
0x00007ff8621a0000 - 0x00007ff8621b8000 	C:\WINDOWS\SYSTEM32\kernel.appcore.dll
0x00007ff85da80000 - 0x00007ff85da8a000 	C:\Program Files\Android\Android Studio\jbr\bin\jimage.dll
0x00007ff860aa0000 - 0x00007ff860cd2000 	C:\WINDOWS\SYSTEM32\DBGHELP.DLL
0x00007ff864800000 - 0x00007ff864b91000 	C:\WINDOWS\System32\combase.dll
0x00007ff8646c0000 - 0x00007ff864797000 	C:\WINDOWS\System32\OLEAUT32.dll
0x00007ff84a070000 - 0x00007ff84a0a2000 	C:\WINDOWS\SYSTEM32\dbgcore.DLL
0x00007ff8630b0000 - 0x00007ff86312b000 	C:\WINDOWS\System32\bcryptPrimitives.dll
0x00007ff855240000 - 0x00007ff855260000 	C:\Program Files\Android\Android Studio\jbr\bin\java.dll

dbghelp: loaded successfully - version: 4.0.5 - missing functions: none
symbol engine: initialized successfully - sym options: 0x614 - pdb path: .;C:\Program Files\Android\Android Studio\jbr\bin;C:\WINDOWS\SYSTEM32;C:\WINDOWS\WinSxS\amd64_microsoft.windows.common-controls_6595b64144ccf1df_6.0.22621.4541_none_2710d1c57384c085;C:\Program Files\Android\Android Studio\jbr\bin\server

VM Arguments:
java_command: git4idea.http.GitAskPassApp Username for 'https://github.com': 
java_class_path (initial): C:/Program Files/Android/Android Studio/plugins/vcs-git/lib/git4idea-rt.jar;C:/Program Files/Android/Android Studio/lib/externalProcess-rt.jar
Launcher Type: SUN_STANDARD

[Global flags]
     intx CICompilerCount                          = 4                                         {product} {ergonomic}
     uint ConcGCThreads                            = 3                                         {product} {ergonomic}
     uint G1ConcRefinementThreads                  = 10                                        {product} {ergonomic}
   size_t G1HeapRegionSize                         = 2097152                                   {product} {ergonomic}
    uintx GCDrainStackTargetSize                   = 64                                        {product} {ergonomic}
   size_t InitialHeapSize                          = 266338304                                 {product} {ergonomic}
   size_t MarkStackSize                            = 4194304                                   {product} {ergonomic}
   size_t MaxHeapSize                              = 4257218560                                {product} {ergonomic}
   size_t MinHeapDeltaBytes                        = 2097152                                   {product} {ergonomic}
   size_t MinHeapSize                              = 8388608                                   {product} {ergonomic}
    uintx NonNMethodCodeHeapSize                   = 5839372                                {pd product} {ergonomic}
    uintx NonProfiledCodeHeapSize                  = 122909434                              {pd product} {ergonomic}
    uintx ProfiledCodeHeapSize                     = 122909434                              {pd product} {ergonomic}
    uintx ReservedCodeCacheSize                    = 251658240                              {pd product} {ergonomic}
     bool SegmentedCodeCache                       = true                                      {product} {ergonomic}
   size_t SoftMaxHeapSize                          = 4257218560                             {manageable} {ergonomic}
     bool UseCompressedOops                        = true                           {product lp64_product} {ergonomic}
     bool UseG1GC                                  = true                                      {product} {ergonomic}
     bool UseLargePagesIndividualAllocation        = false                                  {pd product} {ergonomic}

Logging:
Log output configuration:
 #0: stdout all=warning uptime,level,tags foldmultilines=false
 #1: stderr all=off uptime,level,tags foldmultilines=false

Environment Variables:
PATH=C:/Program Files/Git/mingw64/libexec/git-core;C:/Program Files/Git/mingw64/libexec/git-core;C:\Program Files\Git\mingw64\bin;C:\Program Files\Git\usr\bin;C:\Users\walid\bin;C:\Program Files\Common Files\Oracle\Java\javapath;C:\Program Files (x86)\Common Files\Oracle\Java\javapath;C:\Program Files\Eclipse Adoptium\jdk-17.0.5.8-hotspot\bin;C:\Program Files (x86)\Razer Chroma SDK\bin;C:\Program Files\Razer Chroma SDK\bin;C:\Program Files (x86)\Razer\ChromaBroadcast\bin;C:\Program Files\Razer\ChromaBroadcast\bin;C:\Program Files\Oculus\Support\oculus-runtime;C:\Windows\system32;C:\Windows;C:\Windows\System32\Wbem;C:\Windows\System32\WindowsPowerShell\v1.0\;C:\Windows\System32\OpenSSH\;C:\Program Files (x86)\NVIDIA Corporation\PhysX\Common;C:\Program Files\NVIDIA Corporation\NVIDIA NvDLISR;C:\WINDOWS\system32;C:\WINDOWS;C:\WINDOWS\System32\Wbem;C:\WINDOWS\System32\WindowsPowerShell\v1.0\;C:\WINDOWS\System32\OpenSSH\;C:\WINDOWS\system32\config\systemprofile\AppData\Local\Microsoft\WindowsApps;C:\Program Files (x86)\PuTTY\;C:\Program Files\nodejs\;C:\xampp\php;C:\ProgramData\ComposerSetup\bin;C:\Users\walid\.config\herd\bin\nvm;C:\Program Files\nodejs;C:\Program Files\Git\cmd;C:\Program Files\GitHub CLI\;C:\Users\walid\.config\herd\bin;C:\Users\walid\.config\herd-lite\bin;C:\Users\walid\AppData\Local\Programs\Python\Python310\Scripts\;C:\Users\walid\AppData\Local\Programs\Python\Python310\;C:\Users\walid\AppData\Local\Microsoft\WindowsApps;C:\Users\walid\AppData\Local\GitHubDesktop\bin;C:\Users\walid\AppData\Local\Programs\Microsoft VS Code\bin;C:\Users\walid\AppData\Roaming\npm;C:\Users\walid\AppData\Roaming\Composer\vendor\bin
USERNAME=walid
DISPLAY=:0.0
LC_ALL=en_US.UTF-8
TERM=xterm-256color
TMPDIR=C:\Users\walid\AppData\Local\Temp
OS=Windows_NT
PROCESSOR_IDENTIFIER=AMD64 Family 25 Model 80 Stepping 0, AuthenticAMD
TMP=C:\Users\walid\AppData\Local\Temp
TEMP=C:\Users\walid\AppData\Local\Temp




Periodic native trim disabled

JNI global refs:
JNI global refs: 0, weak refs: 0

JNI global refs memory usage: 0, weak refs: 0

Process memory usage:
Resident Set Size: 11684K (0% of 16625724K total physical memory with 1808936K free physical memory)

OOME stack traces (most recent first):
Classloader memory used:

---------------  S Y S T E M  ---------------

OS:
 Windows 11 , 64 bit Build 22621 (10.0.22621.4391)
OS uptime: 4 days 2:50 hours
Hyper-V role detected

CPU: total 12 (initial active 12) (12 cores per cpu, 2 threads per core) family 25 model 80 stepping 0 microcode 0x0, cx8, cmov, fxsr, ht, mmx, 3dnowpref, sse, sse2, sse3, ssse3, sse4a, sse4.1, sse4.2, popcnt, lzcnt, tsc, tscinvbit, avx, avx2, aes, erms, clmul, bmi1, bmi2, adx, sha, fma, vzeroupper, clflush, clflushopt, hv, rdtscp, rdpid, fsrm, f16c, cet_ss
Processor Information for all 12 processors :
  Max Mhz: 3301, Current Mhz: 3301, Mhz Limit: 3301

Memory: 4k page, system-wide physical 16236M (1766M free)
TotalPageFile size 18849M (AvailPageFile size 223M)
current process WorkingSet (physical memory assigned to process): 11M, peak: 11M
current process commit charge ("private bytes"): 64M, peak: 318M

vm_info: OpenJDK 64-Bit Server VM (21.0.4+-12508038-b607.1) for windows-amd64 JRE (21.0.4+-12508038-b607.1), built on 2024-10-16T17:23:34Z by "builder" with MS VC++ 16.10 / 16.11 (VS2019)

END.
